
*** crates/modeltap-core/src/logic/plan.rs:75:5: replace build_plan -> Option<UnifyPlan> with None

*** mutation diff:
--- crates/modeltap-core/src/logic/plan.rs
+++ replace build_plan -> Option<UnifyPlan> with None
@@ -67,54 +67,17 @@
 
 /// Construct a unify plan. `canonical` is the source; `targets` is the slice
 /// of all candidates (the canonical may appear in `targets`; it will be
 /// filtered out).
 ///
 /// Returns `None` if `canonical` does not exist on disk — the unify action
 /// is not applicable in that case.
 pub fn build_plan(canonical: &PlanCandidate, targets: &[PlanCandidate]) -> Option<UnifyPlan> {
-    if !canonical.exists {
-        return None;
-    }
-
-    let mut links: Vec<PlannedLink> = Vec::new();
-    let mut inodes_replaced: HashSet<(u64, u64)> = HashSet::new();
-
-    for t in targets {
-        if t.path == canonical.path {
-            continue; // canonical itself
-        }
-        if !t.exists {
-            // Missing target: skip silently. The acceptance contract says
-            // unify operates on currently-registered models; a vanished
-            // file is the orchestrator's concern, not the planner's.
-            continue;
-        }
-        let already_linked = t.device == canonical.device && t.inode == canonical.inode;
-        let cross_filesystem = t.device != canonical.device;
-        if !already_linked {
-            inodes_replaced.insert((t.device, t.inode));
-        }
-        links.push(PlannedLink {
-            tool: t.tool,
-            target: t.path.clone(),
-            cross_filesystem,
-            already_linked,
-        });
-    }
-
-    let bytes_reclaimed_estimate =
-        (inodes_replaced.len() as u64).saturating_mul(canonical.size_bytes);
-
-    Some(UnifyPlan {
-        canonical: canonical.clone(),
-        links,
-        bytes_reclaimed_estimate,
-    })
+    None /* ~ changed by cargo-mutants ~ */
 }
 
 #[cfg(test)]
 mod tests {
     use super::*;
 
     fn cand(
         tool: &'static str,


*** /Users/jeffbailey/.rustup/toolchains/stable-aarch64-apple-darwin/bin/cargo test --no-run --verbose --package=modeltap-core@0.1.0
       Fresh unicode-ident v1.0.24
       Fresh cfg-if v1.0.4
       Fresh autocfg v1.5.0
       Fresh bitflags v2.11.1
       Fresh once_cell v1.21.4
       Fresh fastrand v2.4.1
       Fresh fnv v1.0.7
       Fresh libc v0.2.186
       Fresh quick-error v1.2.3
       Fresh bit-vec v0.8.0
       Fresh regex-syntax v0.8.10
       Fresh inventory v0.3.24
       Fresh unarray v0.1.4
       Fresh proc-macro2 v1.0.106
       Fresh getrandom v0.3.4
       Fresh errno v0.3.14
       Fresh getrandom v0.4.2
       Fresh zerocopy v0.8.48
       Fresh serde_core v1.0.228
       Fresh wait-timeout v0.2.1
       Fresh bit-set v0.8.0
       Fresh quote v1.0.45
       Fresh rand_core v0.9.5
       Fresh rustix v1.1.4
       Fresh ppv-lite86 v0.2.21
       Fresh num-traits v0.2.19
       Fresh syn v2.0.117
       Fresh tempfile v3.27.0
       Fresh rand_chacha v0.9.0
       Fresh rand_xorshift v0.4.0
       Fresh rand v0.9.4
       Fresh serde_derive v1.0.228
       Fresh thiserror-impl v1.0.69
       Fresh async-trait v0.1.89
       Fresh rusty-fork v0.3.1
       Fresh serde v1.0.228
       Fresh thiserror v1.0.69
       Fresh proptest v1.11.0
       Dirty modeltap-core v0.1.0 (/Users/jeffbailey/Projects/foss/leading/modeltap/crates/modeltap-core): the file `crates/modeltap-core/src/logic/plan.rs` has changed (1777529301.778663294s, 3s after last build at 1777529298.580280960s)
   Compiling modeltap-core v0.1.0 (/Users/jeffbailey/Projects/foss/leading/modeltap/crates/modeltap-core)
     Running `/Users/jeffbailey/.rustup/toolchains/stable-aarch64-apple-darwin/bin/rustc --crate-name modeltap_core --edition=2021 crates/modeltap-core/src/lib.rs --error-format=json --json=diagnostic-rendered-ansi,artifacts,future-incompat --emit=dep-info,link -C embed-bitcode=no -C debuginfo=2 -C split-debuginfo=unpacked --forbid=unsafe_code --test --check-cfg 'cfg(docsrs,test)' --check-cfg 'cfg(feature, values())' -C metadata=97bb73afabf58faf -C extra-filename=-2d270179d2f92e5c --out-dir /Users/jeffbailey/Projects/foss/leading/modeltap/target/debug/deps -C incremental=/Users/jeffbailey/Projects/foss/leading/modeltap/target/debug/incremental -L dependency=/Users/jeffbailey/Projects/foss/leading/modeltap/target/debug/deps --extern async_trait=/Users/jeffbailey/Projects/foss/leading/modeltap/target/debug/deps/libasync_trait-6fa44903a3159084.dylib --extern inventory=/Users/jeffbailey/Projects/foss/leading/modeltap/target/debug/deps/libinventory-4a25f772dcfa2dc1.rlib --extern proptest=/Users/jeffbailey/Projects/foss/leading/modeltap/target/debug/deps/libproptest-781b48b6c78effd9.rlib --extern serde=/Users/jeffbailey/Projects/foss/leading/modeltap/target/debug/deps/libserde-6fa6a1cbb2050411.rlib --extern thiserror=/Users/jeffbailey/Projects/foss/leading/modeltap/target/debug/deps/libthiserror-b88f4cf0bc3753a7.rlib`
     Running `/Users/jeffbailey/.rustup/toolchains/stable-aarch64-apple-darwin/bin/rustc --crate-name modeltap_core --edition=2021 crates/modeltap-core/src/lib.rs --error-format=json --json=diagnostic-rendered-ansi,artifacts,future-incompat --crate-type lib --emit=dep-info,metadata,link -C embed-bitcode=no -C debuginfo=2 -C split-debuginfo=unpacked --forbid=unsafe_code --check-cfg 'cfg(docsrs,test)' --check-cfg 'cfg(feature, values())' -C metadata=76a2906454acb363 -C extra-filename=-c6a0ee5313ca8a7d --out-dir /Users/jeffbailey/Projects/foss/leading/modeltap/target/debug/deps -C incremental=/Users/jeffbailey/Projects/foss/leading/modeltap/target/debug/incremental -L dependency=/Users/jeffbailey/Projects/foss/leading/modeltap/target/debug/deps --extern async_trait=/Users/jeffbailey/Projects/foss/leading/modeltap/target/debug/deps/libasync_trait-6fa44903a3159084.dylib --extern inventory=/Users/jeffbailey/Projects/foss/leading/modeltap/target/debug/deps/libinventory-4a25f772dcfa2dc1.rmeta --extern serde=/Users/jeffbailey/Projects/foss/leading/modeltap/target/debug/deps/libserde-6fa6a1cbb2050411.rmeta --extern thiserror=/Users/jeffbailey/Projects/foss/leading/modeltap/target/debug/deps/libthiserror-b88f4cf0bc3753a7.rmeta`
warning: unused import: `std::collections::HashSet`
  --> crates/modeltap-core/src/logic/plan.rs:24:5
   |
24 | use std::collections::HashSet;
   |     ^^^^^^^^^^^^^^^^^^^^^^^^^
   |
   = note: `#[warn(unused_imports)]` (part of `#[warn(unused)]`) on by default

warning: unused variable: `canonical`
  --> crates/modeltap-core/src/logic/plan.rs:74:19
   |
74 | pub fn build_plan(canonical: &PlanCandidate, targets: &[PlanCandidate]) -> Option<UnifyPlan> {
   |                   ^^^^^^^^^ help: if this is intentional, prefix it with an underscore: `_canonical`
   |
   = note: `#[warn(unused_variables)]` (part of `#[warn(unused)]`) on by default

warning: unused variable: `targets`
  --> crates/modeltap-core/src/logic/plan.rs:74:46
   |
74 | pub fn build_plan(canonical: &PlanCandidate, targets: &[PlanCandidate]) -> Option<UnifyPlan> {
   |                                              ^^^^^^^ help: if this is intentional, prefix it with an underscore: `_targets`

warning: `modeltap-core` (lib) generated 3 warnings (run `cargo fix --lib -p modeltap-core` to apply 1 suggestion)
     Running `/Users/jeffbailey/.rustup/toolchains/stable-aarch64-apple-darwin/bin/rustc --crate-name compatibility_property --edition=2021 crates/modeltap-core/tests/compatibility_property.rs --error-format=json --json=diagnostic-rendered-ansi,artifacts,future-incompat --emit=dep-info,link -C embed-bitcode=no -C debuginfo=2 -C split-debuginfo=unpacked --forbid=unsafe_code --test --check-cfg 'cfg(docsrs,test)' --check-cfg 'cfg(feature, values())' -C metadata=7dedbd3560f70136 -C extra-filename=-dd8bebe5e1445c75 --out-dir /Users/jeffbailey/Projects/foss/leading/modeltap/target/debug/deps -C incremental=/Users/jeffbailey/Projects/foss/leading/modeltap/target/debug/incremental -L dependency=/Users/jeffbailey/Projects/foss/leading/modeltap/target/debug/deps --extern async_trait=/Users/jeffbailey/Projects/foss/leading/modeltap/target/debug/deps/libasync_trait-6fa44903a3159084.dylib --extern inventory=/Users/jeffbailey/Projects/foss/leading/modeltap/target/debug/deps/libinventory-4a25f772dcfa2dc1.rlib --extern modeltap_core=/Users/jeffbailey/Projects/foss/leading/modeltap/target/debug/deps/libmodeltap_core-c6a0ee5313ca8a7d.rlib --extern proptest=/Users/jeffbailey/Projects/foss/leading/modeltap/target/debug/deps/libproptest-781b48b6c78effd9.rlib --extern serde=/Users/jeffbailey/Projects/foss/leading/modeltap/target/debug/deps/libserde-6fa6a1cbb2050411.rlib --extern thiserror=/Users/jeffbailey/Projects/foss/leading/modeltap/target/debug/deps/libthiserror-b88f4cf0bc3753a7.rlib`
     Running `/Users/jeffbailey/.rustup/toolchains/stable-aarch64-apple-darwin/bin/rustc --crate-name last_action --edition=2021 crates/modeltap-core/tests/last_action.rs --error-format=json --json=diagnostic-rendered-ansi,artifacts,future-incompat --emit=dep-info,link -C embed-bitcode=no -C debuginfo=2 -C split-debuginfo=unpacked --forbid=unsafe_code --test --check-cfg 'cfg(docsrs,test)' --check-cfg 'cfg(feature, values())' -C metadata=fc15573112fa1b52 -C extra-filename=-019eadca097277e4 --out-dir /Users/jeffbailey/Projects/foss/leading/modeltap/target/debug/deps -C incremental=/Users/jeffbailey/Projects/foss/leading/modeltap/target/debug/incremental -L dependency=/Users/jeffbailey/Projects/foss/leading/modeltap/target/debug/deps --extern async_trait=/Users/jeffbailey/Projects/foss/leading/modeltap/target/debug/deps/libasync_trait-6fa44903a3159084.dylib --extern inventory=/Users/jeffbailey/Projects/foss/leading/modeltap/target/debug/deps/libinventory-4a25f772dcfa2dc1.rlib --extern modeltap_core=/Users/jeffbailey/Projects/foss/leading/modeltap/target/debug/deps/libmodeltap_core-c6a0ee5313ca8a7d.rlib --extern proptest=/Users/jeffbailey/Projects/foss/leading/modeltap/target/debug/deps/libproptest-781b48b6c78effd9.rlib --extern serde=/Users/jeffbailey/Projects/foss/leading/modeltap/target/debug/deps/libserde-6fa6a1cbb2050411.rlib --extern thiserror=/Users/jeffbailey/Projects/foss/leading/modeltap/target/debug/deps/libthiserror-b88f4cf0bc3753a7.rlib`
     Running `/Users/jeffbailey/.rustup/toolchains/stable-aarch64-apple-darwin/bin/rustc --crate-name unification_status --edition=2021 crates/modeltap-core/tests/unification_status.rs --error-format=json --json=diagnostic-rendered-ansi,artifacts,future-incompat --emit=dep-info,link -C embed-bitcode=no -C debuginfo=2 -C split-debuginfo=unpacked --forbid=unsafe_code --test --check-cfg 'cfg(docsrs,test)' --check-cfg 'cfg(feature, values())' -C metadata=5c190c46df5213e6 -C extra-filename=-5ba5e80477f0ddb9 --out-dir /Users/jeffbailey/Projects/foss/leading/modeltap/target/debug/deps -C incremental=/Users/jeffbailey/Projects/foss/leading/modeltap/target/debug/incremental -L dependency=/Users/jeffbailey/Projects/foss/leading/modeltap/target/debug/deps --extern async_trait=/Users/jeffbailey/Projects/foss/leading/modeltap/target/debug/deps/libasync_trait-6fa44903a3159084.dylib --extern inventory=/Users/jeffbailey/Projects/foss/leading/modeltap/target/debug/deps/libinventory-4a25f772dcfa2dc1.rlib --extern modeltap_core=/Users/jeffbailey/Projects/foss/leading/modeltap/target/debug/deps/libmodeltap_core-c6a0ee5313ca8a7d.rlib --extern proptest=/Users/jeffbailey/Projects/foss/leading/modeltap/target/debug/deps/libproptest-781b48b6c78effd9.rlib --extern serde=/Users/jeffbailey/Projects/foss/leading/modeltap/target/debug/deps/libserde-6fa6a1cbb2050411.rlib --extern thiserror=/Users/jeffbailey/Projects/foss/leading/modeltap/target/debug/deps/libthiserror-b88f4cf0bc3753a7.rlib`
     Running `/Users/jeffbailey/.rustup/toolchains/stable-aarch64-apple-darwin/bin/rustc --crate-name dedup_classifier --edition=2021 crates/modeltap-core/tests/dedup_classifier.rs --error-format=json --json=diagnostic-rendered-ansi,artifacts,future-incompat --emit=dep-info,link -C embed-bitcode=no -C debuginfo=2 -C split-debuginfo=unpacked --forbid=unsafe_code --test --check-cfg 'cfg(docsrs,test)' --check-cfg 'cfg(feature, values())' -C metadata=413d1d713519e6d4 -C extra-filename=-c7e489ca2944a185 --out-dir /Users/jeffbailey/Projects/foss/leading/modeltap/target/debug/deps -C incremental=/Users/jeffbailey/Projects/foss/leading/modeltap/target/debug/incremental -L dependency=/Users/jeffbailey/Projects/foss/leading/modeltap/target/debug/deps --extern async_trait=/Users/jeffbailey/Projects/foss/leading/modeltap/target/debug/deps/libasync_trait-6fa44903a3159084.dylib --extern inventory=/Users/jeffbailey/Projects/foss/leading/modeltap/target/debug/deps/libinventory-4a25f772dcfa2dc1.rlib --extern modeltap_core=/Users/jeffbailey/Projects/foss/leading/modeltap/target/debug/deps/libmodeltap_core-c6a0ee5313ca8a7d.rlib --extern proptest=/Users/jeffbailey/Projects/foss/leading/modeltap/target/debug/deps/libproptest-781b48b6c78effd9.rlib --extern serde=/Users/jeffbailey/Projects/foss/leading/modeltap/target/debug/deps/libserde-6fa6a1cbb2050411.rlib --extern thiserror=/Users/jeffbailey/Projects/foss/leading/modeltap/target/debug/deps/libthiserror-b88f4cf0bc3753a7.rlib`
warning: `modeltap-core` (lib test) generated 3 warnings (3 duplicates)
    Finished `test` profile [unoptimized + debuginfo] target(s) in 1.20s
  Executable `/Users/jeffbailey/Projects/foss/leading/modeltap/target/debug/deps/modeltap_core-2d270179d2f92e5c`
  Executable `/Users/jeffbailey/Projects/foss/leading/modeltap/target/debug/deps/compatibility_property-dd8bebe5e1445c75`
  Executable `/Users/jeffbailey/Projects/foss/leading/modeltap/target/debug/deps/dedup_classifier-c7e489ca2944a185`
  Executable `/Users/jeffbailey/Projects/foss/leading/modeltap/target/debug/deps/last_action-019eadca097277e4`
  Executable `/Users/jeffbailey/Projects/foss/leading/modeltap/target/debug/deps/unification_status-5ba5e80477f0ddb9`

*** result: Success

*** /Users/jeffbailey/.rustup/toolchains/stable-aarch64-apple-darwin/bin/cargo test --verbose --package=modeltap-core@0.1.0
       Fresh unicode-ident v1.0.24
       Fresh cfg-if v1.0.4
       Fresh bitflags v2.11.1
       Fresh autocfg v1.5.0
       Fresh once_cell v1.21.4
       Fresh fastrand v2.4.1
       Fresh bit-vec v0.8.0
       Fresh libc v0.2.186
       Fresh fnv v1.0.7
       Fresh quick-error v1.2.3
       Fresh bit-set v0.8.0
       Fresh regex-syntax v0.8.10
       Fresh inventory v0.3.24
       Fresh unarray v0.1.4
       Fresh proc-macro2 v1.0.106
       Fresh getrandom v0.3.4
       Fresh errno v0.3.14
       Fresh zerocopy v0.8.48
       Fresh getrandom v0.4.2
       Fresh serde_core v1.0.228
       Fresh wait-timeout v0.2.1
       Fresh quote v1.0.45
       Fresh rand_core v0.9.5
       Fresh rustix v1.1.4
       Fresh ppv-lite86 v0.2.21
       Fresh num-traits v0.2.19
       Fresh syn v2.0.117
       Fresh tempfile v3.27.0
       Fresh rand_chacha v0.9.0
       Fresh rand v0.9.4
       Fresh rand_xorshift v0.4.0
       Fresh serde_derive v1.0.228
       Fresh thiserror-impl v1.0.69
       Fresh async-trait v0.1.89
       Fresh rusty-fork v0.3.1
       Fresh serde v1.0.228
       Fresh thiserror v1.0.69
       Fresh proptest v1.11.0
warning: unused import: `std::collections::HashSet`
  --> crates/modeltap-core/src/logic/plan.rs:24:5
   |
24 | use std::collections::HashSet;
   |     ^^^^^^^^^^^^^^^^^^^^^^^^^
   |
   = note: `#[warn(unused_imports)]` (part of `#[warn(unused)]`) on by default

warning: unused variable: `canonical`
  --> crates/modeltap-core/src/logic/plan.rs:74:19
   |
74 | pub fn build_plan(canonical: &PlanCandidate, targets: &[PlanCandidate]) -> Option<UnifyPlan> {
   |                   ^^^^^^^^^ help: if this is intentional, prefix it with an underscore: `_canonical`
   |
   = note: `#[warn(unused_variables)]` (part of `#[warn(unused)]`) on by default

warning: unused variable: `targets`
  --> crates/modeltap-core/src/logic/plan.rs:74:46
   |
74 | pub fn build_plan(canonical: &PlanCandidate, targets: &[PlanCandidate]) -> Option<UnifyPlan> {
   |                                              ^^^^^^^ help: if this is intentional, prefix it with an underscore: `_targets`

warning: `modeltap-core` (lib) generated 3 warnings (run `cargo fix --lib -p modeltap-core` to apply 1 suggestion)
warning: `modeltap-core` (lib test) generated 3 warnings (3 duplicates)
       Fresh modeltap-core v0.1.0 (/Users/jeffbailey/Projects/foss/leading/modeltap/crates/modeltap-core)
    Finished `test` profile [unoptimized + debuginfo] target(s) in 0.03s
     Running `/Users/jeffbailey/Projects/foss/leading/modeltap/target/debug/deps/modeltap_core-2d270179d2f92e5c`

running 28 tests
test domain::indicator::tests::classify_row_returns_compatible_for_empty_inventory ... ok
test domain::indicator::tests::classify_row_returns_compatible_when_only_one_tool_has_the_model ... ok
test domain::indicator::tests::classify_row_returns_shared_when_three_tools_have_the_same_model ... ok
test domain::indicator::tests::classify_row_returns_shared_when_two_tools_have_the_same_model ... ok
test domain::indicator::tests::classify_row_returns_unknown_when_format_is_other ... ok
test domain::indicator::tests::other_tools_for_model_excludes_home_tool ... ok
test logic::canonical_selector::tests::empty_input_returns_none ... ok
test logic::canonical_selector::tests::prefers_largest_existing_candidate ... ok
test domain::indicator::tests::other_tools_for_model_returns_empty_for_single_tool_registration ... ok
test logic::canonical_selector::tests::final_tiebreak_is_deterministic_lexicographic ... ok
test domain::indicator::tests::property_format_other_always_yields_unknown_regardless_of_presence ... ok
test domain::indicator::tests::property_shared_iff_present_in_two_or_more_tools_for_parseable_format ... ok
test logic::canonical_selector::tests::returns_none_when_no_candidates_exist_on_disk ... ok
test logic::canonical_selector::tests::returns_only_existing_when_others_missing ... ok
test logic::canonical_selector::tests::single_existing_candidate_is_picked ... ok
test logic::canonical_selector::tests::tiebreaks_equal_size_in_favor_of_ollama_blob ... ok
test logic::plan::tests::returns_none_when_canonical_missing ... ok
test logic::plan::tests::computes_bytes_reclaimed_per_unique_inode ... FAILED
test logic::plan::tests::empty_targets_yields_empty_plan_with_zero_reclaim ... FAILED
test logic::plan::tests::excludes_canonical_from_link_list ... FAILED
test logic::plan::tests::flags_already_linked_when_inodes_match ... FAILED
test logic::plan::tests::flags_cross_filesystem_when_devices_differ ... FAILED
test ports::fs_probe::tests::device_id_returns_dev_when_present ... ok
test logic::plan::tests::skips_missing_targets ... FAILED
test ports::fs_probe::tests::inode_returns_ino_when_present ... ok
test ports::fs_probe::tests::same_filesystem_false_when_devices_differ ... ok
test ports::fs_probe::tests::same_filesystem_false_when_either_path_missing ... ok
test ports::fs_probe::tests::same_filesystem_true_when_devices_match ... ok

failures:

---- logic::plan::tests::computes_bytes_reclaimed_per_unique_inode stdout ----

thread 'logic::plan::tests::computes_bytes_reclaimed_per_unique_inode' (71218181) panicked at crates/modeltap-core/src/logic/plan.rs:151:53:
called `Option::unwrap()` on a `None` value
note: run with `RUST_BACKTRACE=1` environment variable to display a backtrace

---- logic::plan::tests::empty_targets_yields_empty_plan_with_zero_reclaim stdout ----

thread 'logic::plan::tests::empty_targets_yields_empty_plan_with_zero_reclaim' (71218182) panicked at crates/modeltap-core/src/logic/plan.rs:176:48:
called `Option::unwrap()` on a `None` value

---- logic::plan::tests::excludes_canonical_from_link_list stdout ----

thread 'logic::plan::tests::excludes_canonical_from_link_list' (71218183) panicked at crates/modeltap-core/src/logic/plan.rs:114:53:
called `Option::unwrap()` on a `None` value

---- logic::plan::tests::flags_already_linked_when_inodes_match stdout ----

thread 'logic::plan::tests::flags_already_linked_when_inodes_match' (71218184) panicked at crates/modeltap-core/src/logic/plan.rs:123:53:
called `Option::unwrap()` on a `None` value

---- logic::plan::tests::flags_cross_filesystem_when_devices_differ stdout ----

thread 'logic::plan::tests::flags_cross_filesystem_when_devices_differ' (71218185) panicked at crates/modeltap-core/src/logic/plan.rs:137:53:
called `Option::unwrap()` on a `None` value

---- logic::plan::tests::skips_missing_targets stdout ----

thread 'logic::plan::tests::skips_missing_targets' (71218187) panicked at crates/modeltap-core/src/logic/plan.rs:164:53:
called `Option::unwrap()` on a `None` value


failures:
    logic::plan::tests::computes_bytes_reclaimed_per_unique_inode
    logic::plan::tests::empty_targets_yields_empty_plan_with_zero_reclaim
    logic::plan::tests::excludes_canonical_from_link_list
    logic::plan::tests::flags_already_linked_when_inodes_match
    logic::plan::tests::flags_cross_filesystem_when_devices_differ
    logic::plan::tests::skips_missing_targets

test result: FAILED. 22 passed; 6 failed; 0 ignored; 0 measured; 0 filtered out; finished in 0.00s

error: test failed, to rerun pass `-p modeltap-core --lib`

*** result: Failure(101)
