
*** crates/modeltap-core/src/logic/compatibility.rs:152:36: replace != with == in any_other_plugin_accepts

*** mutation diff:
--- crates/modeltap-core/src/logic/compatibility.rs
+++ replace != with == in any_other_plugin_accepts
@@ -144,11 +144,11 @@
 /// accept anything (vacuously) so they don't contribute to compatibility.
 fn any_other_plugin_accepts(
     target_tool: ToolId,
     format: Format,
     plugin_capabilities: &PluginCapabilityMap,
 ) -> bool {
     plugin_capabilities
         .iter()
-        .filter(|(tool, _)| **tool != target_tool)
+        .filter(|(tool, _)| **tool == /* ~ changed by cargo-mutants ~ */ target_tool)
         .any(|(_, fmts)| fmts.contains(&format))
 }


*** /Users/jeffbailey/.rustup/toolchains/stable-aarch64-apple-darwin/bin/cargo test --no-run --verbose --package=modeltap-core@0.1.0
       Fresh unicode-ident v1.0.24
       Fresh cfg-if v1.0.4
       Fresh bitflags v2.11.1
       Fresh autocfg v1.5.0
       Fresh fastrand v2.4.1
       Fresh once_cell v1.21.4
       Fresh bit-vec v0.8.0
       Fresh libc v0.2.186
       Fresh quick-error v1.2.3
       Fresh fnv v1.0.7
       Fresh bit-set v0.8.0
       Fresh unarray v0.1.4
       Fresh regex-syntax v0.8.10
       Fresh inventory v0.3.24
       Fresh proc-macro2 v1.0.106
       Fresh getrandom v0.3.4
       Fresh errno v0.3.14
       Fresh zerocopy v0.8.48
       Fresh getrandom v0.4.2
       Fresh serde_core v1.0.228
       Fresh wait-timeout v0.2.1
       Fresh quote v1.0.45
       Fresh rand_core v0.9.5
       Fresh rustix v1.1.4
       Fresh ppv-lite86 v0.2.21
       Fresh num-traits v0.2.19
       Fresh syn v2.0.117
       Fresh tempfile v3.27.0
       Fresh rand_chacha v0.9.0
       Fresh rand_xorshift v0.4.0
       Fresh rand v0.9.4
       Fresh thiserror-impl v1.0.69
       Fresh serde_derive v1.0.228
       Fresh rusty-fork v0.3.1
       Fresh async-trait v0.1.89
       Fresh serde v1.0.228
       Fresh thiserror v1.0.69
       Fresh proptest v1.11.0
       Dirty modeltap-core v0.1.0 (/Users/jeffbailey/Projects/foss/leading/modeltap/crates/modeltap-core): the file `crates/modeltap-core/src/logic/compatibility.rs` has changed (1777529292.392837005s, 3s after last build at 1777529289.869607370s)
   Compiling modeltap-core v0.1.0 (/Users/jeffbailey/Projects/foss/leading/modeltap/crates/modeltap-core)
     Running `/Users/jeffbailey/.rustup/toolchains/stable-aarch64-apple-darwin/bin/rustc --crate-name modeltap_core --edition=2021 crates/modeltap-core/src/lib.rs --error-format=json --json=diagnostic-rendered-ansi,artifacts,future-incompat --emit=dep-info,link -C embed-bitcode=no -C debuginfo=2 -C split-debuginfo=unpacked --forbid=unsafe_code --test --check-cfg 'cfg(docsrs,test)' --check-cfg 'cfg(feature, values())' -C metadata=97bb73afabf58faf -C extra-filename=-2d270179d2f92e5c --out-dir /Users/jeffbailey/Projects/foss/leading/modeltap/target/debug/deps -C incremental=/Users/jeffbailey/Projects/foss/leading/modeltap/target/debug/incremental -L dependency=/Users/jeffbailey/Projects/foss/leading/modeltap/target/debug/deps --extern async_trait=/Users/jeffbailey/Projects/foss/leading/modeltap/target/debug/deps/libasync_trait-6fa44903a3159084.dylib --extern inventory=/Users/jeffbailey/Projects/foss/leading/modeltap/target/debug/deps/libinventory-4a25f772dcfa2dc1.rlib --extern proptest=/Users/jeffbailey/Projects/foss/leading/modeltap/target/debug/deps/libproptest-781b48b6c78effd9.rlib --extern serde=/Users/jeffbailey/Projects/foss/leading/modeltap/target/debug/deps/libserde-6fa6a1cbb2050411.rlib --extern thiserror=/Users/jeffbailey/Projects/foss/leading/modeltap/target/debug/deps/libthiserror-b88f4cf0bc3753a7.rlib`
     Running `/Users/jeffbailey/.rustup/toolchains/stable-aarch64-apple-darwin/bin/rustc --crate-name modeltap_core --edition=2021 crates/modeltap-core/src/lib.rs --error-format=json --json=diagnostic-rendered-ansi,artifacts,future-incompat --crate-type lib --emit=dep-info,metadata,link -C embed-bitcode=no -C debuginfo=2 -C split-debuginfo=unpacked --forbid=unsafe_code --check-cfg 'cfg(docsrs,test)' --check-cfg 'cfg(feature, values())' -C metadata=76a2906454acb363 -C extra-filename=-c6a0ee5313ca8a7d --out-dir /Users/jeffbailey/Projects/foss/leading/modeltap/target/debug/deps -C incremental=/Users/jeffbailey/Projects/foss/leading/modeltap/target/debug/incremental -L dependency=/Users/jeffbailey/Projects/foss/leading/modeltap/target/debug/deps --extern async_trait=/Users/jeffbailey/Projects/foss/leading/modeltap/target/debug/deps/libasync_trait-6fa44903a3159084.dylib --extern inventory=/Users/jeffbailey/Projects/foss/leading/modeltap/target/debug/deps/libinventory-4a25f772dcfa2dc1.rmeta --extern serde=/Users/jeffbailey/Projects/foss/leading/modeltap/target/debug/deps/libserde-6fa6a1cbb2050411.rmeta --extern thiserror=/Users/jeffbailey/Projects/foss/leading/modeltap/target/debug/deps/libthiserror-b88f4cf0bc3753a7.rmeta`
     Running `/Users/jeffbailey/.rustup/toolchains/stable-aarch64-apple-darwin/bin/rustc --crate-name unification_status --edition=2021 crates/modeltap-core/tests/unification_status.rs --error-format=json --json=diagnostic-rendered-ansi,artifacts,future-incompat --emit=dep-info,link -C embed-bitcode=no -C debuginfo=2 -C split-debuginfo=unpacked --forbid=unsafe_code --test --check-cfg 'cfg(docsrs,test)' --check-cfg 'cfg(feature, values())' -C metadata=5c190c46df5213e6 -C extra-filename=-5ba5e80477f0ddb9 --out-dir /Users/jeffbailey/Projects/foss/leading/modeltap/target/debug/deps -C incremental=/Users/jeffbailey/Projects/foss/leading/modeltap/target/debug/incremental -L dependency=/Users/jeffbailey/Projects/foss/leading/modeltap/target/debug/deps --extern async_trait=/Users/jeffbailey/Projects/foss/leading/modeltap/target/debug/deps/libasync_trait-6fa44903a3159084.dylib --extern inventory=/Users/jeffbailey/Projects/foss/leading/modeltap/target/debug/deps/libinventory-4a25f772dcfa2dc1.rlib --extern modeltap_core=/Users/jeffbailey/Projects/foss/leading/modeltap/target/debug/deps/libmodeltap_core-c6a0ee5313ca8a7d.rlib --extern proptest=/Users/jeffbailey/Projects/foss/leading/modeltap/target/debug/deps/libproptest-781b48b6c78effd9.rlib --extern serde=/Users/jeffbailey/Projects/foss/leading/modeltap/target/debug/deps/libserde-6fa6a1cbb2050411.rlib --extern thiserror=/Users/jeffbailey/Projects/foss/leading/modeltap/target/debug/deps/libthiserror-b88f4cf0bc3753a7.rlib`
     Running `/Users/jeffbailey/.rustup/toolchains/stable-aarch64-apple-darwin/bin/rustc --crate-name last_action --edition=2021 crates/modeltap-core/tests/last_action.rs --error-format=json --json=diagnostic-rendered-ansi,artifacts,future-incompat --emit=dep-info,link -C embed-bitcode=no -C debuginfo=2 -C split-debuginfo=unpacked --forbid=unsafe_code --test --check-cfg 'cfg(docsrs,test)' --check-cfg 'cfg(feature, values())' -C metadata=fc15573112fa1b52 -C extra-filename=-019eadca097277e4 --out-dir /Users/jeffbailey/Projects/foss/leading/modeltap/target/debug/deps -C incremental=/Users/jeffbailey/Projects/foss/leading/modeltap/target/debug/incremental -L dependency=/Users/jeffbailey/Projects/foss/leading/modeltap/target/debug/deps --extern async_trait=/Users/jeffbailey/Projects/foss/leading/modeltap/target/debug/deps/libasync_trait-6fa44903a3159084.dylib --extern inventory=/Users/jeffbailey/Projects/foss/leading/modeltap/target/debug/deps/libinventory-4a25f772dcfa2dc1.rlib --extern modeltap_core=/Users/jeffbailey/Projects/foss/leading/modeltap/target/debug/deps/libmodeltap_core-c6a0ee5313ca8a7d.rlib --extern proptest=/Users/jeffbailey/Projects/foss/leading/modeltap/target/debug/deps/libproptest-781b48b6c78effd9.rlib --extern serde=/Users/jeffbailey/Projects/foss/leading/modeltap/target/debug/deps/libserde-6fa6a1cbb2050411.rlib --extern thiserror=/Users/jeffbailey/Projects/foss/leading/modeltap/target/debug/deps/libthiserror-b88f4cf0bc3753a7.rlib`
     Running `/Users/jeffbailey/.rustup/toolchains/stable-aarch64-apple-darwin/bin/rustc --crate-name compatibility_property --edition=2021 crates/modeltap-core/tests/compatibility_property.rs --error-format=json --json=diagnostic-rendered-ansi,artifacts,future-incompat --emit=dep-info,link -C embed-bitcode=no -C debuginfo=2 -C split-debuginfo=unpacked --forbid=unsafe_code --test --check-cfg 'cfg(docsrs,test)' --check-cfg 'cfg(feature, values())' -C metadata=7dedbd3560f70136 -C extra-filename=-dd8bebe5e1445c75 --out-dir /Users/jeffbailey/Projects/foss/leading/modeltap/target/debug/deps -C incremental=/Users/jeffbailey/Projects/foss/leading/modeltap/target/debug/incremental -L dependency=/Users/jeffbailey/Projects/foss/leading/modeltap/target/debug/deps --extern async_trait=/Users/jeffbailey/Projects/foss/leading/modeltap/target/debug/deps/libasync_trait-6fa44903a3159084.dylib --extern inventory=/Users/jeffbailey/Projects/foss/leading/modeltap/target/debug/deps/libinventory-4a25f772dcfa2dc1.rlib --extern modeltap_core=/Users/jeffbailey/Projects/foss/leading/modeltap/target/debug/deps/libmodeltap_core-c6a0ee5313ca8a7d.rlib --extern proptest=/Users/jeffbailey/Projects/foss/leading/modeltap/target/debug/deps/libproptest-781b48b6c78effd9.rlib --extern serde=/Users/jeffbailey/Projects/foss/leading/modeltap/target/debug/deps/libserde-6fa6a1cbb2050411.rlib --extern thiserror=/Users/jeffbailey/Projects/foss/leading/modeltap/target/debug/deps/libthiserror-b88f4cf0bc3753a7.rlib`
     Running `/Users/jeffbailey/.rustup/toolchains/stable-aarch64-apple-darwin/bin/rustc --crate-name dedup_classifier --edition=2021 crates/modeltap-core/tests/dedup_classifier.rs --error-format=json --json=diagnostic-rendered-ansi,artifacts,future-incompat --emit=dep-info,link -C embed-bitcode=no -C debuginfo=2 -C split-debuginfo=unpacked --forbid=unsafe_code --test --check-cfg 'cfg(docsrs,test)' --check-cfg 'cfg(feature, values())' -C metadata=413d1d713519e6d4 -C extra-filename=-c7e489ca2944a185 --out-dir /Users/jeffbailey/Projects/foss/leading/modeltap/target/debug/deps -C incremental=/Users/jeffbailey/Projects/foss/leading/modeltap/target/debug/incremental -L dependency=/Users/jeffbailey/Projects/foss/leading/modeltap/target/debug/deps --extern async_trait=/Users/jeffbailey/Projects/foss/leading/modeltap/target/debug/deps/libasync_trait-6fa44903a3159084.dylib --extern inventory=/Users/jeffbailey/Projects/foss/leading/modeltap/target/debug/deps/libinventory-4a25f772dcfa2dc1.rlib --extern modeltap_core=/Users/jeffbailey/Projects/foss/leading/modeltap/target/debug/deps/libmodeltap_core-c6a0ee5313ca8a7d.rlib --extern proptest=/Users/jeffbailey/Projects/foss/leading/modeltap/target/debug/deps/libproptest-781b48b6c78effd9.rlib --extern serde=/Users/jeffbailey/Projects/foss/leading/modeltap/target/debug/deps/libserde-6fa6a1cbb2050411.rlib --extern thiserror=/Users/jeffbailey/Projects/foss/leading/modeltap/target/debug/deps/libthiserror-b88f4cf0bc3753a7.rlib`
    Finished `test` profile [unoptimized + debuginfo] target(s) in 1.17s
  Executable `/Users/jeffbailey/Projects/foss/leading/modeltap/target/debug/deps/modeltap_core-2d270179d2f92e5c`
  Executable `/Users/jeffbailey/Projects/foss/leading/modeltap/target/debug/deps/compatibility_property-dd8bebe5e1445c75`
  Executable `/Users/jeffbailey/Projects/foss/leading/modeltap/target/debug/deps/dedup_classifier-c7e489ca2944a185`
  Executable `/Users/jeffbailey/Projects/foss/leading/modeltap/target/debug/deps/last_action-019eadca097277e4`
  Executable `/Users/jeffbailey/Projects/foss/leading/modeltap/target/debug/deps/unification_status-5ba5e80477f0ddb9`

*** result: Success

*** /Users/jeffbailey/.rustup/toolchains/stable-aarch64-apple-darwin/bin/cargo test --verbose --package=modeltap-core@0.1.0
       Fresh cfg-if v1.0.4
       Fresh unicode-ident v1.0.24
       Fresh autocfg v1.5.0
       Fresh bitflags v2.11.1
       Fresh fastrand v2.4.1
       Fresh once_cell v1.21.4
       Fresh bit-vec v0.8.0
       Fresh libc v0.2.186
       Fresh quick-error v1.2.3
       Fresh fnv v1.0.7
       Fresh bit-set v0.8.0
       Fresh inventory v0.3.24
       Fresh unarray v0.1.4
       Fresh regex-syntax v0.8.10
       Fresh proc-macro2 v1.0.106
       Fresh getrandom v0.3.4
       Fresh errno v0.3.14
       Fresh getrandom v0.4.2
       Fresh zerocopy v0.8.48
       Fresh serde_core v1.0.228
       Fresh wait-timeout v0.2.1
       Fresh quote v1.0.45
       Fresh rand_core v0.9.5
       Fresh rustix v1.1.4
       Fresh ppv-lite86 v0.2.21
       Fresh num-traits v0.2.19
       Fresh syn v2.0.117
       Fresh tempfile v3.27.0
       Fresh rand_chacha v0.9.0
       Fresh rand_xorshift v0.4.0
       Fresh rand v0.9.4
       Fresh serde_derive v1.0.228
       Fresh thiserror-impl v1.0.69
       Fresh rusty-fork v0.3.1
       Fresh async-trait v0.1.89
       Fresh serde v1.0.228
       Fresh thiserror v1.0.69
       Fresh proptest v1.11.0
       Fresh modeltap-core v0.1.0 (/Users/jeffbailey/Projects/foss/leading/modeltap/crates/modeltap-core)
    Finished `test` profile [unoptimized + debuginfo] target(s) in 0.03s
     Running `/Users/jeffbailey/Projects/foss/leading/modeltap/target/debug/deps/modeltap_core-2d270179d2f92e5c`

running 28 tests
test domain::indicator::tests::classify_row_returns_shared_when_three_tools_have_the_same_model ... ok
test domain::indicator::tests::classify_row_returns_compatible_for_empty_inventory ... ok
test domain::indicator::tests::classify_row_returns_compatible_when_only_one_tool_has_the_model ... ok
test domain::indicator::tests::other_tools_for_model_excludes_home_tool ... ok
test domain::indicator::tests::classify_row_returns_unknown_when_format_is_other ... ok
test domain::indicator::tests::classify_row_returns_shared_when_two_tools_have_the_same_model ... ok
test domain::indicator::tests::other_tools_for_model_returns_empty_for_single_tool_registration ... ok
test logic::canonical_selector::tests::empty_input_returns_none ... ok
test logic::canonical_selector::tests::final_tiebreak_is_deterministic_lexicographic ... ok
test domain::indicator::tests::property_format_other_always_yields_unknown_regardless_of_presence ... ok
test logic::canonical_selector::tests::prefers_largest_existing_candidate ... ok
test logic::canonical_selector::tests::returns_none_when_no_candidates_exist_on_disk ... ok
test logic::canonical_selector::tests::returns_only_existing_when_others_missing ... ok
test logic::canonical_selector::tests::single_existing_candidate_is_picked ... ok
test domain::indicator::tests::property_shared_iff_present_in_two_or_more_tools_for_parseable_format ... ok
test logic::canonical_selector::tests::tiebreaks_equal_size_in_favor_of_ollama_blob ... ok
test logic::plan::tests::computes_bytes_reclaimed_per_unique_inode ... ok
test logic::plan::tests::empty_targets_yields_empty_plan_with_zero_reclaim ... ok
test logic::plan::tests::excludes_canonical_from_link_list ... ok
test logic::plan::tests::flags_already_linked_when_inodes_match ... ok
test logic::plan::tests::flags_cross_filesystem_when_devices_differ ... ok
test logic::plan::tests::returns_none_when_canonical_missing ... ok
test logic::plan::tests::skips_missing_targets ... ok
test ports::fs_probe::tests::device_id_returns_dev_when_present ... ok
test ports::fs_probe::tests::inode_returns_ino_when_present ... ok
test ports::fs_probe::tests::same_filesystem_false_when_devices_differ ... ok
test ports::fs_probe::tests::same_filesystem_false_when_either_path_missing ... ok
test ports::fs_probe::tests::same_filesystem_true_when_devices_match ... ok

test result: ok. 28 passed; 0 failed; 0 ignored; 0 measured; 0 filtered out; finished in 0.00s

     Running `/Users/jeffbailey/Projects/foss/leading/modeltap/target/debug/deps/compatibility_property-dd8bebe5e1445c75`

running 7 tests
test empty_accepted_formats_for_targets_plugin_yields_unknown ... ok
test format_other_always_yields_unknown ... ok
test matching_sha256_in_two_tools_yields_shared ... ok
test single_tool_format_accepted_by_other_plugin_yields_compatible ... ok
test sha256_absent_does_not_yield_shared_when_uncertain ... ok
test single_tool_no_other_plugin_accepts_format_yields_format_locked ... FAILED
test every_indicator_is_one_of_four_variants ... ok

failures:

---- single_tool_no_other_plugin_accepts_format_yields_format_locked stdout ----

thread 'single_tool_no_other_plugin_accepts_format_yields_format_locked' (71215675) panicked at crates/modeltap-core/tests/compatibility_property.rs:120:5:
assertion `left == right` failed
  left: Compatible
 right: FormatLocked
note: run with `RUST_BACKTRACE=1` environment variable to display a backtrace


failures:
    single_tool_no_other_plugin_accepts_format_yields_format_locked

test result: FAILED. 6 passed; 1 failed; 0 ignored; 0 measured; 0 filtered out; finished in 0.04s

error: test failed, to rerun pass `-p modeltap-core --test compatibility_property`

*** result: Failure(101)
