
*** crates/modeltap-core/src/logic/unification_status.rs:116:5: replace classify_multi -> UnificationStatus with Default::default()

*** mutation diff:
--- crates/modeltap-core/src/logic/unification_status.rs
+++ replace classify_multi -> UnificationStatus with Default::default()
@@ -108,44 +108,17 @@
         _ => classify_multi(regs),
     }
 }
 
 /// Classify when there are 2+ registrations.
 fn classify_multi(regs: &[DetailRegistration]) -> UnificationStatus {
     // Collect known inodes; treat any None as a distinct "ghost" inode (per
     // ADR-002 conservative rule — preserve data when uncertain).
-    let inodes: Vec<Option<u64>> = regs.iter().map(|r| r.inode).collect();
-
-    // If ALL inodes are Some and equal → Unified.
-    if inodes.iter().all(|i| i.is_some()) {
-        let unique: HashSet<u64> = inodes.iter().filter_map(|i| *i).collect();
-        if unique.len() == 1 {
-            return UnificationStatus::Unified {
-                hardlink_count: regs.len(),
-            };
-        }
-        if unique.len() == regs.len() {
-            return UnificationStatus::NotUnified {
-                copy_count: regs.len(),
-            };
-        }
-        // Mixed: some share, some don't.
-        let shared_count = compute_shared_count(&inodes);
-        return UnificationStatus::PartiallyUnified {
-            shared_count,
-            total_count: regs.len(),
-            distinct_inodes: unique.len(),
-        };
-    }
-
-    // At least one inode is None → conservative NotUnified.
-    UnificationStatus::NotUnified {
-        copy_count: regs.len(),
-    }
+    Default::default() /* ~ changed by cargo-mutants ~ */
 }
 
 /// Number of registrations whose inode is shared with at least one other
 /// registration.
 fn compute_shared_count(inodes: &[Option<u64>]) -> usize {
     let mut count = 0;
     for (i, ino) in inodes.iter().enumerate() {
         let Some(this) = ino else { continue };


*** /Users/jeffbailey/.rustup/toolchains/stable-aarch64-apple-darwin/bin/cargo test --no-run --verbose --package=modeltap-core@0.1.0
       Fresh cfg-if v1.0.4
       Fresh unicode-ident v1.0.24
       Fresh autocfg v1.5.0
       Fresh bitflags v2.11.1
       Fresh fastrand v2.4.1
       Fresh once_cell v1.21.4
       Fresh quick-error v1.2.3
       Fresh libc v0.2.186
       Fresh fnv v1.0.7
       Fresh bit-vec v0.8.0
       Fresh regex-syntax v0.8.10
       Fresh unarray v0.1.4
       Fresh inventory v0.3.24
       Fresh proc-macro2 v1.0.106
       Fresh getrandom v0.3.4
       Fresh errno v0.3.14
       Fresh getrandom v0.4.2
       Fresh zerocopy v0.8.48
       Fresh serde_core v1.0.228
       Fresh wait-timeout v0.2.1
       Fresh bit-set v0.8.0
       Fresh quote v1.0.45
       Fresh rand_core v0.9.5
       Fresh rustix v1.1.4
       Fresh ppv-lite86 v0.2.21
       Fresh num-traits v0.2.19
       Fresh syn v2.0.117
       Fresh tempfile v3.27.0
       Fresh rand_xorshift v0.4.0
       Fresh rand v0.9.4
       Fresh rand_chacha v0.9.0
       Fresh thiserror-impl v1.0.69
       Fresh serde_derive v1.0.228
       Fresh async-trait v0.1.89
       Fresh rusty-fork v0.3.1
       Fresh serde v1.0.228
       Fresh thiserror v1.0.69
       Fresh proptest v1.11.0
       Dirty modeltap-core v0.1.0 (/Users/jeffbailey/Projects/foss/leading/modeltap/crates/modeltap-core): the file `crates/modeltap-core/src/logic/unification_status.rs` has changed (1777529329.163344411s, 5s after last build at 1777529324.721481502s)
   Compiling modeltap-core v0.1.0 (/Users/jeffbailey/Projects/foss/leading/modeltap/crates/modeltap-core)
     Running `/Users/jeffbailey/.rustup/toolchains/stable-aarch64-apple-darwin/bin/rustc --crate-name modeltap_core --edition=2021 crates/modeltap-core/src/lib.rs --error-format=json --json=diagnostic-rendered-ansi,artifacts,future-incompat --emit=dep-info,link -C embed-bitcode=no -C debuginfo=2 -C split-debuginfo=unpacked --forbid=unsafe_code --test --check-cfg 'cfg(docsrs,test)' --check-cfg 'cfg(feature, values())' -C metadata=97bb73afabf58faf -C extra-filename=-2d270179d2f92e5c --out-dir /Users/jeffbailey/Projects/foss/leading/modeltap/target/debug/deps -C incremental=/Users/jeffbailey/Projects/foss/leading/modeltap/target/debug/incremental -L dependency=/Users/jeffbailey/Projects/foss/leading/modeltap/target/debug/deps --extern async_trait=/Users/jeffbailey/Projects/foss/leading/modeltap/target/debug/deps/libasync_trait-6fa44903a3159084.dylib --extern inventory=/Users/jeffbailey/Projects/foss/leading/modeltap/target/debug/deps/libinventory-4a25f772dcfa2dc1.rlib --extern proptest=/Users/jeffbailey/Projects/foss/leading/modeltap/target/debug/deps/libproptest-781b48b6c78effd9.rlib --extern serde=/Users/jeffbailey/Projects/foss/leading/modeltap/target/debug/deps/libserde-6fa6a1cbb2050411.rlib --extern thiserror=/Users/jeffbailey/Projects/foss/leading/modeltap/target/debug/deps/libthiserror-b88f4cf0bc3753a7.rlib`
     Running `/Users/jeffbailey/.rustup/toolchains/stable-aarch64-apple-darwin/bin/rustc --crate-name modeltap_core --edition=2021 crates/modeltap-core/src/lib.rs --error-format=json --json=diagnostic-rendered-ansi,artifacts,future-incompat --crate-type lib --emit=dep-info,metadata,link -C embed-bitcode=no -C debuginfo=2 -C split-debuginfo=unpacked --forbid=unsafe_code --check-cfg 'cfg(docsrs,test)' --check-cfg 'cfg(feature, values())' -C metadata=76a2906454acb363 -C extra-filename=-c6a0ee5313ca8a7d --out-dir /Users/jeffbailey/Projects/foss/leading/modeltap/target/debug/deps -C incremental=/Users/jeffbailey/Projects/foss/leading/modeltap/target/debug/incremental -L dependency=/Users/jeffbailey/Projects/foss/leading/modeltap/target/debug/deps --extern async_trait=/Users/jeffbailey/Projects/foss/leading/modeltap/target/debug/deps/libasync_trait-6fa44903a3159084.dylib --extern inventory=/Users/jeffbailey/Projects/foss/leading/modeltap/target/debug/deps/libinventory-4a25f772dcfa2dc1.rmeta --extern serde=/Users/jeffbailey/Projects/foss/leading/modeltap/target/debug/deps/libserde-6fa6a1cbb2050411.rmeta --extern thiserror=/Users/jeffbailey/Projects/foss/leading/modeltap/target/debug/deps/libthiserror-b88f4cf0bc3753a7.rmeta`
warning: unused import: `std::collections::HashSet`
  --> crates/modeltap-core/src/logic/unification_status.rs:32:5
   |
32 | use std::collections::HashSet;
   |     ^^^^^^^^^^^^^^^^^^^^^^^^^
   |
   = note: `#[warn(unused_imports)]` (part of `#[warn(unused)]`) on by default

error[E0277]: the trait bound `UnificationStatus: Default` is not satisfied
   --> crates/modeltap-core/src/logic/unification_status.rs:116:5
    |
116 |     Default::default() /* ~ changed by cargo-mutants ~ */
    |     ^^^^^^^^^^^^^^^^^^ unsatisfied trait bound
    |
help: the trait `Default` is not implemented for `UnificationStatus`
   --> crates/modeltap-core/src/logic/unification_status.rs:78:1
    |
 78 | pub enum UnificationStatus {
    | ^^^^^^^^^^^^^^^^^^^^^^^^^^

For more information about this error, try `rustc --explain E0277`.
warning: `modeltap-core` (lib) generated 1 warning
error: could not compile `modeltap-core` (lib) due to 1 previous error; 1 warning emitted

Caused by:
  process didn't exit successfully: `/Users/jeffbailey/.rustup/toolchains/stable-aarch64-apple-darwin/bin/rustc --crate-name modeltap_core --edition=2021 crates/modeltap-core/src/lib.rs --error-format=json --json=diagnostic-rendered-ansi,artifacts,future-incompat --crate-type lib --emit=dep-info,metadata,link -C embed-bitcode=no -C debuginfo=2 -C split-debuginfo=unpacked --forbid=unsafe_code --check-cfg 'cfg(docsrs,test)' --check-cfg 'cfg(feature, values())' -C metadata=76a2906454acb363 -C extra-filename=-c6a0ee5313ca8a7d --out-dir /Users/jeffbailey/Projects/foss/leading/modeltap/target/debug/deps -C incremental=/Users/jeffbailey/Projects/foss/leading/modeltap/target/debug/incremental -L dependency=/Users/jeffbailey/Projects/foss/leading/modeltap/target/debug/deps --extern async_trait=/Users/jeffbailey/Projects/foss/leading/modeltap/target/debug/deps/libasync_trait-6fa44903a3159084.dylib --extern inventory=/Users/jeffbailey/Projects/foss/leading/modeltap/target/debug/deps/libinventory-4a25f772dcfa2dc1.rmeta --extern serde=/Users/jeffbailey/Projects/foss/leading/modeltap/target/debug/deps/libserde-6fa6a1cbb2050411.rmeta --extern thiserror=/Users/jeffbailey/Projects/foss/leading/modeltap/target/debug/deps/libthiserror-b88f4cf0bc3753a7.rmeta` (exit status: 1)
warning: build failed, waiting for other jobs to finish...
warning: `modeltap-core` (lib test) generated 1 warning (1 duplicate)
error: could not compile `modeltap-core` (lib test) due to 1 previous error; 1 warning emitted

Caused by:
  process didn't exit successfully: `/Users/jeffbailey/.rustup/toolchains/stable-aarch64-apple-darwin/bin/rustc --crate-name modeltap_core --edition=2021 crates/modeltap-core/src/lib.rs --error-format=json --json=diagnostic-rendered-ansi,artifacts,future-incompat --emit=dep-info,link -C embed-bitcode=no -C debuginfo=2 -C split-debuginfo=unpacked --forbid=unsafe_code --test --check-cfg 'cfg(docsrs,test)' --check-cfg 'cfg(feature, values())' -C metadata=97bb73afabf58faf -C extra-filename=-2d270179d2f92e5c --out-dir /Users/jeffbailey/Projects/foss/leading/modeltap/target/debug/deps -C incremental=/Users/jeffbailey/Projects/foss/leading/modeltap/target/debug/incremental -L dependency=/Users/jeffbailey/Projects/foss/leading/modeltap/target/debug/deps --extern async_trait=/Users/jeffbailey/Projects/foss/leading/modeltap/target/debug/deps/libasync_trait-6fa44903a3159084.dylib --extern inventory=/Users/jeffbailey/Projects/foss/leading/modeltap/target/debug/deps/libinventory-4a25f772dcfa2dc1.rlib --extern proptest=/Users/jeffbailey/Projects/foss/leading/modeltap/target/debug/deps/libproptest-781b48b6c78effd9.rlib --extern serde=/Users/jeffbailey/Projects/foss/leading/modeltap/target/debug/deps/libserde-6fa6a1cbb2050411.rlib --extern thiserror=/Users/jeffbailey/Projects/foss/leading/modeltap/target/debug/deps/libthiserror-b88f4cf0bc3753a7.rlib` (exit status: 1)

*** result: Failure(101)
