
*** crates/modeltap-core/src/logic/compatibility.rs:81:5: replace compute_indicator -> RowIndicator with Default::default()

*** mutation diff:
--- crates/modeltap-core/src/logic/compatibility.rs
+++ replace compute_indicator -> RowIndicator with Default::default()
@@ -73,41 +73,17 @@
 /// Evaluation order matches the rules above; see module-level docstring for
 /// the full decision tree.
 pub fn compute_indicator(
     target: &InventoryEntry,
     inventory: &Inventory,
     plugin_capabilities: &PluginCapabilityMap,
 ) -> RowIndicator {
     // Rule 1a: undecidable format.
-    if matches!(target.model.format, Format::Other) {
-        return RowIndicator::Unknown;
-    }
-    // Rule 1b: defensive — empty `accepted_formats()` for the target's plugin
-    // means the plugin's contract is undefined w.r.t. format compatibility.
-    // Render as Unknown rather than guessing FormatLocked. (US-16 AC-3)
-    if plugin_capabilities
-        .get(&target.tool)
-        .is_some_and(|fmts| fmts.is_empty())
-    {
-        return RowIndicator::Unknown;
-    }
-
-    // Rule 2: Shared via dedup-key match against any OTHER inventory entry.
-    if has_dedup_match_in_other_tool(target, inventory) {
-        return RowIndicator::Shared;
-    }
-
-    // Rule 3: another plugin (other than `target.tool`) accepts the format.
-    if any_other_plugin_accepts(target.tool, target.model.format, plugin_capabilities) {
-        return RowIndicator::Compatible;
-    }
-
-    // Rule 4: format-locked into the current tool.
-    RowIndicator::FormatLocked
+    Default::default() /* ~ changed by cargo-mutants ~ */
 }
 
 /// True if the inventory contains some entry — in a tool DIFFERENT from
 /// `target.tool` — whose dedup-key matches the target's. Per ADR-002 the
 /// dedup-key match is **conservative-when-uncertain**: if either side's
 /// SHA256 is `None`, the engine returns `false` (NOT shared). This preserves
 /// the safety invariant that we never silently overstate compatibility.
 fn has_dedup_match_in_other_tool(target: &InventoryEntry, inventory: &Inventory) -> bool {


*** /Users/jeffbailey/.rustup/toolchains/stable-aarch64-apple-darwin/bin/cargo test --no-run --verbose --package=modeltap-core@0.1.0
       Fresh unicode-ident v1.0.24
       Fresh cfg-if v1.0.4
       Fresh bitflags v2.11.1
       Fresh autocfg v1.5.0
       Fresh once_cell v1.21.4
       Fresh fastrand v2.4.1
       Fresh quick-error v1.2.3
       Fresh libc v0.2.186
       Fresh fnv v1.0.7
       Fresh bit-vec v0.8.0
       Fresh inventory v0.3.24
       Fresh regex-syntax v0.8.10
       Fresh unarray v0.1.4
       Fresh proc-macro2 v1.0.106
       Fresh getrandom v0.3.4
       Fresh errno v0.3.14
       Fresh zerocopy v0.8.48
       Fresh getrandom v0.4.2
       Fresh wait-timeout v0.2.1
       Fresh serde_core v1.0.228
       Fresh bit-set v0.8.0
       Fresh quote v1.0.45
       Fresh rand_core v0.9.5
       Fresh rustix v1.1.4
       Fresh ppv-lite86 v0.2.21
       Fresh num-traits v0.2.19
       Fresh syn v2.0.117
       Fresh tempfile v3.27.0
       Fresh rand_xorshift v0.4.0
       Fresh rand v0.9.4
       Fresh rand_chacha v0.9.0
       Fresh thiserror-impl v1.0.69
       Fresh serde_derive v1.0.228
       Fresh rusty-fork v0.3.1
       Fresh async-trait v0.1.89
       Fresh serde v1.0.228
       Fresh thiserror v1.0.69
       Fresh proptest v1.11.0
       Dirty modeltap-core v0.1.0 (/Users/jeffbailey/Projects/foss/leading/modeltap/crates/modeltap-core): couldn't read metadata for file `target/debug/deps/libmodeltap_core-c6a0ee5313ca8a7d.rlib`
   Compiling modeltap-core v0.1.0 (/Users/jeffbailey/Projects/foss/leading/modeltap/crates/modeltap-core)
     Running `/Users/jeffbailey/.rustup/toolchains/stable-aarch64-apple-darwin/bin/rustc --crate-name modeltap_core --edition=2021 crates/modeltap-core/src/lib.rs --error-format=json --json=diagnostic-rendered-ansi,artifacts,future-incompat --emit=dep-info,link -C embed-bitcode=no -C debuginfo=2 -C split-debuginfo=unpacked --forbid=unsafe_code --test --check-cfg 'cfg(docsrs,test)' --check-cfg 'cfg(feature, values())' -C metadata=97bb73afabf58faf -C extra-filename=-2d270179d2f92e5c --out-dir /Users/jeffbailey/Projects/foss/leading/modeltap/target/debug/deps -C incremental=/Users/jeffbailey/Projects/foss/leading/modeltap/target/debug/incremental -L dependency=/Users/jeffbailey/Projects/foss/leading/modeltap/target/debug/deps --extern async_trait=/Users/jeffbailey/Projects/foss/leading/modeltap/target/debug/deps/libasync_trait-6fa44903a3159084.dylib --extern inventory=/Users/jeffbailey/Projects/foss/leading/modeltap/target/debug/deps/libinventory-4a25f772dcfa2dc1.rlib --extern proptest=/Users/jeffbailey/Projects/foss/leading/modeltap/target/debug/deps/libproptest-781b48b6c78effd9.rlib --extern serde=/Users/jeffbailey/Projects/foss/leading/modeltap/target/debug/deps/libserde-6fa6a1cbb2050411.rlib --extern thiserror=/Users/jeffbailey/Projects/foss/leading/modeltap/target/debug/deps/libthiserror-b88f4cf0bc3753a7.rlib`
     Running `/Users/jeffbailey/.rustup/toolchains/stable-aarch64-apple-darwin/bin/rustc --crate-name modeltap_core --edition=2021 crates/modeltap-core/src/lib.rs --error-format=json --json=diagnostic-rendered-ansi,artifacts,future-incompat --crate-type lib --emit=dep-info,metadata,link -C embed-bitcode=no -C debuginfo=2 -C split-debuginfo=unpacked --forbid=unsafe_code --check-cfg 'cfg(docsrs,test)' --check-cfg 'cfg(feature, values())' -C metadata=76a2906454acb363 -C extra-filename=-c6a0ee5313ca8a7d --out-dir /Users/jeffbailey/Projects/foss/leading/modeltap/target/debug/deps -C incremental=/Users/jeffbailey/Projects/foss/leading/modeltap/target/debug/incremental -L dependency=/Users/jeffbailey/Projects/foss/leading/modeltap/target/debug/deps --extern async_trait=/Users/jeffbailey/Projects/foss/leading/modeltap/target/debug/deps/libasync_trait-6fa44903a3159084.dylib --extern inventory=/Users/jeffbailey/Projects/foss/leading/modeltap/target/debug/deps/libinventory-4a25f772dcfa2dc1.rmeta --extern serde=/Users/jeffbailey/Projects/foss/leading/modeltap/target/debug/deps/libserde-6fa6a1cbb2050411.rmeta --extern thiserror=/Users/jeffbailey/Projects/foss/leading/modeltap/target/debug/deps/libthiserror-b88f4cf0bc3753a7.rmeta`
error[E0277]: the trait bound `RowIndicator: Default` is not satisfied
  --> crates/modeltap-core/src/logic/compatibility.rs:81:5
   |
81 |     Default::default() /* ~ changed by cargo-mutants ~ */
   |     ^^^^^^^^^^^^^^^^^^ unsatisfied trait bound
   |
help: the trait `Default` is not implemented for `RowIndicator`
  --> crates/modeltap-core/src/domain/indicator.rs:30:1
   |
30 | pub enum RowIndicator {
   | ^^^^^^^^^^^^^^^^^^^^^

error[E0277]: the trait bound `indicator::RowIndicator: Default` is not satisfied
  --> crates/modeltap-core/src/logic/compatibility.rs:81:5
   |
81 |     Default::default() /* ~ changed by cargo-mutants ~ */
   |     ^^^^^^^^^^^^^^^^^^ unsatisfied trait bound
   |
help: the trait `Default` is not implemented for `indicator::RowIndicator`
  --> crates/modeltap-core/src/domain/indicator.rs:30:1
   |
30 | pub enum RowIndicator {
   | ^^^^^^^^^^^^^^^^^^^^^

For more information about this error, try `rustc --explain E0277`.
error: could not compile `modeltap-core` (lib) due to 1 previous error

Caused by:
  process didn't exit successfully: `/Users/jeffbailey/.rustup/toolchains/stable-aarch64-apple-darwin/bin/rustc --crate-name modeltap_core --edition=2021 crates/modeltap-core/src/lib.rs --error-format=json --json=diagnostic-rendered-ansi,artifacts,future-incompat --crate-type lib --emit=dep-info,metadata,link -C embed-bitcode=no -C debuginfo=2 -C split-debuginfo=unpacked --forbid=unsafe_code --check-cfg 'cfg(docsrs,test)' --check-cfg 'cfg(feature, values())' -C metadata=76a2906454acb363 -C extra-filename=-c6a0ee5313ca8a7d --out-dir /Users/jeffbailey/Projects/foss/leading/modeltap/target/debug/deps -C incremental=/Users/jeffbailey/Projects/foss/leading/modeltap/target/debug/incremental -L dependency=/Users/jeffbailey/Projects/foss/leading/modeltap/target/debug/deps --extern async_trait=/Users/jeffbailey/Projects/foss/leading/modeltap/target/debug/deps/libasync_trait-6fa44903a3159084.dylib --extern inventory=/Users/jeffbailey/Projects/foss/leading/modeltap/target/debug/deps/libinventory-4a25f772dcfa2dc1.rmeta --extern serde=/Users/jeffbailey/Projects/foss/leading/modeltap/target/debug/deps/libserde-6fa6a1cbb2050411.rmeta --extern thiserror=/Users/jeffbailey/Projects/foss/leading/modeltap/target/debug/deps/libthiserror-b88f4cf0bc3753a7.rmeta` (exit status: 1)
warning: build failed, waiting for other jobs to finish...
error: could not compile `modeltap-core` (lib test) due to 1 previous error

Caused by:
  process didn't exit successfully: `/Users/jeffbailey/.rustup/toolchains/stable-aarch64-apple-darwin/bin/rustc --crate-name modeltap_core --edition=2021 crates/modeltap-core/src/lib.rs --error-format=json --json=diagnostic-rendered-ansi,artifacts,future-incompat --emit=dep-info,link -C embed-bitcode=no -C debuginfo=2 -C split-debuginfo=unpacked --forbid=unsafe_code --test --check-cfg 'cfg(docsrs,test)' --check-cfg 'cfg(feature, values())' -C metadata=97bb73afabf58faf -C extra-filename=-2d270179d2f92e5c --out-dir /Users/jeffbailey/Projects/foss/leading/modeltap/target/debug/deps -C incremental=/Users/jeffbailey/Projects/foss/leading/modeltap/target/debug/incremental -L dependency=/Users/jeffbailey/Projects/foss/leading/modeltap/target/debug/deps --extern async_trait=/Users/jeffbailey/Projects/foss/leading/modeltap/target/debug/deps/libasync_trait-6fa44903a3159084.dylib --extern inventory=/Users/jeffbailey/Projects/foss/leading/modeltap/target/debug/deps/libinventory-4a25f772dcfa2dc1.rlib --extern proptest=/Users/jeffbailey/Projects/foss/leading/modeltap/target/debug/deps/libproptest-781b48b6c78effd9.rlib --extern serde=/Users/jeffbailey/Projects/foss/leading/modeltap/target/debug/deps/libserde-6fa6a1cbb2050411.rlib --extern thiserror=/Users/jeffbailey/Projects/foss/leading/modeltap/target/debug/deps/libthiserror-b88f4cf0bc3753a7.rlib` (exit status: 1)

*** result: Failure(101)
