---
source: crates/modeltap-tui/tests/render_delete_one_dialog.rs
assertion_line: 84
expression: frame
---
┌Tools (focused)───────────────────┐┌Models────────────────────────────────────────────────────────────────────────────┐
│                                  ││                                                                                  │
│                                  ││                                                                                  │
│                                  ││                                                                                  │
│                                  ││                                                                                  │
│                                  ││                                                                                  │
│                                  ││                                                                                  │
│                                  ││                                                                                  │
│                                  ││                                                                                  │
│                                  ││                                                                                  │
│                       ┌ Delete (UNIQUE — only copy) ─────────────────────────────────────────┐                       │
│                       │Delete 'llama3:8b' from ollama (UNIQUE)?                              │                       │
│                       │                                                                      │                       │
│                       │Tool:     ollama                                                      │                       │
│                       │Model:    llama3:8b                                                   │                       │
│                       │Size:     4.7 GB                                                      │                       │
│                       │                                                                      │                       │
│                       │This is the ONLY copy on this machine. Deletion frees the disk        │                       │
│                       │space but the model content is gone.                                  │                       │
│                       │                                                                      │                       │
│                       │> _                                                                   │                       │
│                       │                                                                      │                       │
│                       │Type the model id, then [Enter]   [Esc] cancel                        │                       │
│                       │                                                                      │                       │
│                       │                                                                      │                       │
│                       │                                                                      │                       │
│                       │                                                                      │                       │
│                       │                                                                      │                       │
│                       │                                                                      │                       │
│                       └──────────────────────────────────────────────────────────────────────┘                       │
│                                  ││                                                                                  │
│                                  ││                                                                                  │
│                                  ││                                                                                  │
│                                  ││                                                                                  │
│                                  ││                                                                                  │
│                                  ││                                                                                  │
│                                  ││                                                                                  │
└──────────────────────────────────┘└──────────────────────────────────────────────────────────────────────────────────┘
Total: 0 models | Disk: 0 B | Dedup-able: computing... | as of never reconciled                                         
[<-/->] tools  [up/down] tools  [u] unify  [z] zap tool  [r] refresh  [R] refresh-all  [d] delete-from-one  [?] help  [q
